<?xml version="1.0" encoding="UTF-8"?>
<TestRun id="ea27b61e-a950-4979-b5b7-46176a77afbf" name="Samuel@SAMUEL-PC 2013-04-21 18:49:51" runUser="Samuel-PC\Samuel" xmlns="http://microsoft.com/schemas/VisualStudio/TeamTest/2010">
  <TestSettings name="Local" id="1f294c37-af87-48bd-bb70-7fb5cebd3076">
    <Description>Esta es la configuración de pruebas predeterminada para una ejecución de pruebas local.</Description>
    <Deployment enabled="false" runDeploymentRoot="Samuel_SAMUEL-PC 2013-04-21 18_49_51">
      <DeploymentItem filename="D:\Documents\Visual Studio 2010\Projects\2013-1\DAO.House\DAO.House\bin\Debug\DAO.House.exe" />
    </Deployment>
    <Execution>
      <TestTypeSpecific />
      <AgentRule name="Execution Agents">
      </AgentRule>
    </Execution>
  </TestSettings>
  <Times creation="2013-04-21T18:49:51.5620322-05:00" queuing="2013-04-21T18:49:51.6240357-05:00" start="2013-04-21T18:49:51.6280360-05:00" finish="2013-04-21T18:49:51.9680554-05:00" />
  <ResultSummary outcome="Completed">
    <Counters total="1" executed="1" passed="1" error="0" failed="0" timeout="0" aborted="0" inconclusive="0" passedButRunAborted="0" notRunnable="0" notExecuted="0" disconnected="0" warning="0" completed="0" inProgress="0" pending="0" />
  </ResultSummary>
  <TestDefinitions>
    <UnitTest name="GetAllFromProductoTest" storage="d:\documents\visual studio 2010\projects\2013-1\dao.house\testproject\bin\debug\testproject.dll" id="81be2098-a2bb-fd52-62f0-98fe35e61381">
      <Execution id="0c32fd52-093f-47b2-8fad-e57cd91e2f67" />
      <TestMethod codeBase="D:/Documents/Visual Studio 2010/Projects/2013-1/DAO.House/TestProject/bin/Debug/TestProject.DLL" adapterTypeName="Microsoft.VisualStudio.TestTools.TestTypes.Unit.UnitTestAdapter, Microsoft.VisualStudio.QualityTools.Tips.UnitTest.Adapter, Version=10.0.0.0, Culture=neutral, PublicKeyToken=b03f5f7f11d50a3a" className="TestProject.ProductoRepositoryTest, TestProject, Version=1.0.0.0, Culture=neutral, PublicKeyToken=null" name="GetAllFromProductoTest" />
    </UnitTest>
  </TestDefinitions>
  <TestLists>
    <TestList name="Resultados que no están en la lista" id="8c84fa94-04c1-424b-9868-57a2d4851a1d" />
    <TestList name="Todos los resultados cargados" id="19431567-8539-422a-85d7-44ee4e166bda" />
  </TestLists>
  <TestEntries>
    <TestEntry testId="81be2098-a2bb-fd52-62f0-98fe35e61381" executionId="0c32fd52-093f-47b2-8fad-e57cd91e2f67" testListId="8c84fa94-04c1-424b-9868-57a2d4851a1d" />
  </TestEntries>
  <Results>
    <UnitTestResult executionId="0c32fd52-093f-47b2-8fad-e57cd91e2f67" testId="81be2098-a2bb-fd52-62f0-98fe35e61381" testName="GetAllFromProductoTest" computerName="SAMUEL-PC" duration="00:00:00.1021378" startTime="2013-04-21T18:49:51.6570376-05:00" endTime="2013-04-21T18:49:51.9380537-05:00" testType="13cdc9d9-ddb5-4fa4-a97d-d965ccfc6d4b" outcome="Passed" testListId="8c84fa94-04c1-424b-9868-57a2d4851a1d" relativeResultsDirectory="0c32fd52-093f-47b2-8fad-e57cd91e2f67">
    </UnitTestResult>
  </Results>
</TestRun>